// Jest Snapshot v1, https://goo.gl/fbAQLP

exports[`reduces animal favorite foods 1`] = `
Object {
  "accessory": "Banana",
  "firstName": "Peter",
  "foods": Array [
    Object {
      "id": 1,
      "name": "Banana",
    },
    Object {
      "id": 5,
      "name": "Worms",
    },
  ],
  "id": 1,
  "type": "Baboon",
}
`;
